******************************************************************************
             TMS320C2000 Linker Unix v18.12.1                  
******************************************************************************
>> Linked Fri Jul  5 12:29:16 2019

OUTPUT FILE NAME:   <motor.out>
ENTRY POINT SYMBOL: "_c_int00"  address: 000083d4


MEMORY CONFIGURATION

         name            origin    length      used     unused   attr    fill
----------------------  --------  ---------  --------  --------  ----  --------
PAGE 0:
  BEGIN                 00000000   00000002  00000000  00000002  RWIX
  RAMM0                 00000122   000002de  000002dd  00000001  RWIX
  RAMLS0                00008000   00000800  00000489  00000377  RWIX
  RAMLS1                00008800   00000800  00000000  00000800  RWIX
  RAMLS2                00009000   00000800  00000000  00000800  RWIX
  RAMLS3                00009800   00000800  00000000  00000800  RWIX
  RAMLS4                0000a000   00000800  00000000  00000800  RWIX
  RAMD0                 0000b000   00000800  00000800  00000000  RWIX
  RESET                 003fffc0   00000002  00000000  00000002  RWIX

PAGE 1:
  BOOT_RSVD             00000002   00000120  00000000  00000120  RWIX
  RAMM1                 00000400   00000400  00000200  00000200  RWIX
  RAMLS5                0000a800   00000800  00000015  000007eb  RWIX
  RAMD1                 0000b800   00000800  00000000  00000800  RWIX
  RAMGS0                0000c000   00001000  00000000  00001000  RWIX
  RAMGS1                0000d000   00001000  00000000  00001000  RWIX
  RAMGS2                0000e000   00001000  00000000  00001000  RWIX
  RAMGS3                0000f000   00001000  00000000  00001000  RWIX
  RAMGS4                00010000   00001000  00000000  00001000  RWIX
  RAMGS5                00011000   00001000  00000000  00001000  RWIX
  RAMGS6                00012000   00001000  00000000  00001000  RWIX
  RAMGS7                00013000   00001000  00000000  00001000  RWIX
  RAMGS8                00014000   00001000  00000000  00001000  RWIX
  RAMGS9                00015000   00001000  00000000  00001000  RWIX
  RAMGS10               00016000   00001000  00000000  00001000  RWIX
  RAMGS11               00017000   00001000  00000000  00001000  RWIX
  RAMGS12               00018000   00001000  00000000  00001000  RWIX
  RAMGS13               00019000   00001000  00000000  00001000  RWIX
  RAMGS14               0001a000   00001000  00000000  00001000  RWIX
  RAMGS15               0001b000   00001000  00000000  00001000  RWIX
  CPU2TOCPU1RAM         0003f800   00000400  00000000  00000400  RWIX
  CPU1TOCPU2RAM         0003fc00   00000400  00000000  00000400  RWIX


SECTION ALLOCATION MAP

 output                                  attributes/
section   page    origin      length       input sections
--------  ----  ----------  ----------   ----------------
.cinit     0    00000122    00000029     
                  00000122    0000000f     device.obj (.cinit)
                  00000131    0000000e     rts2800_fpu32.lib : exit.c.obj (.cinit)
                  0000013f    00000005                       : _lock.c.obj (.cinit:__lock)
                  00000144    00000005                       : _lock.c.obj (.cinit:__unlock)
                  00000149    00000002     --HOLE-- [fill = 0]

.TI.ramfunc 
*          0    0000014b    00000004     
                  0000014b    00000004     sysctl.obj (.TI.ramfunc)

.pinit     0    00000122    00000000     UNINITIALIZED

.reset     0    003fffc0    00000002     DSECT
                  003fffc0    00000002     rts2800_fpu32.lib : boot28.asm.obj (.reset)

.stack     1    00000400    00000200     UNINITIALIZED
                  00000400    00000200     --HOLE--

.ebss      1    0000a800    00000015     UNINITIALIZED
                  0000a800    00000006     device.obj (.ebss)
                  0000a806    00000006     rts2800_fpu32.lib : exit.c.obj (.ebss)
                  0000a80c    00000002                       : _lock.c.obj (.ebss:__lock)
                  0000a80e    00000002                       : _lock.c.obj (.ebss:__unlock)
                  0000a810    00000002     motor.obj (.ebss:_rDataA)
                  0000a812    00000002     motor.obj (.ebss:_sDataA)
                  0000a814    00000001     motor.obj (.ebss)

GETBUFFER 
*          0    0003f800    00000000     DSECT

GETWRITEIDX 
*          0    0003f800    00000000     DSECT

PUTREADIDX 
*          0    0003f800    00000000     DSECT

.text.1    0    0000014f    000002b0     
                  0000014f    000001f0     sci.obj (.text)
                  0000033f    000000b4     motor.obj (.text:retain)
                  000003f3    00000009     rts2800_fpu32.lib : _lock.c.obj (.text)
                  000003fc    00000002                       : pre_init.c.obj (.text)
                  000003fe    00000001                       : startup.c.obj (.text)

.text.2    0    00008000    00000489     
                  00008000    000001c5     device.obj (.text)
                  000081c5    00000187     interrupt.obj (.text)
                  0000834c    00000088     rts2800_fpu32.lib : fs_div28.asm.obj (.text)
                  000083d4    00000056                       : boot28.asm.obj (.text)
                  0000842a    00000029                       : exit.c.obj (.text)
                  00008453    0000001d                       : memcpy.c.obj (.text)
                  00008470    00000019                       : args_main.c.obj (.text)

.text.3    0    0000b000    00000800     
                  0000b000    000004ac     sysctl.obj (.text)
                  0000b4ac    000001eb     gpio.obj (.text)
                  0000b697    00000145     motor.obj (.text)
                  0000b7dc    00000024     rts2800_fpu32.lib : cpy_tbl.c.obj (.text)

MODULE SUMMARY

       Module             code   initialized data   uninitialized data
       ------             ----   ----------------   ------------------
    ./driverlib/
       sysctl.obj         1200   0                  0                 
       sci.obj            496    0                  0                 
       gpio.obj           491    0                  0                 
       interrupt.obj      391    0                  0                 
    +--+------------------+------+------------------+--------------------+
       Total:             2578   0                  0                 
                                                                      
    ./src/
       motor.obj          505    0                  5                 
       device.obj         453    15                 6                 
    +--+------------------+------+------------------+--------------------+
       Total:             958    15                 11                
                                                                      
    ../lib/rts2800_fpu32.lib
       fs_div28.asm.obj   136    0                  0                 
       boot28.asm.obj     86     0                  0                 
       exit.c.obj         41     14                 6                 
       cpy_tbl.c.obj      36     0                  0                 
       memcpy.c.obj       29     0                  0                 
       args_main.c.obj    25     0                  0                 
       _lock.c.obj        9      10                 4                 
       pre_init.c.obj     2      0                  0                 
       startup.c.obj      1      0                  0                 
    +--+------------------+------+------------------+--------------------+
       Total:             365    24                 10                
                                                                      
       Stack:             0      0                  512               
    +--+------------------+------+------------------+--------------------+
       Grand Total:       3901   39                 533               


GLOBAL DATA SYMBOLS: SORTED BY DATA PAGE

address     data page           name
--------    ----------------    ----
00000400      10 (00000400)     __stack

0000a800     2a0 (0000a800)     _Example_Result
0000a802     2a0 (0000a800)     _Example_PassCount
0000a804     2a0 (0000a800)     _Example_Fail
0000a806     2a0 (0000a800)     ___TI_enable_exit_profile_output
0000a808     2a0 (0000a800)     ___TI_cleanup_ptr
0000a80a     2a0 (0000a800)     ___TI_dtors_ptr
0000a80c     2a0 (0000a800)     __lock
0000a80e     2a0 (0000a800)     __unlock
0000a810     2a0 (0000a800)     _rDataA
0000a812     2a0 (0000a800)     _sDataA
0000a814     2a0 (0000a800)     _rDataPointA


GLOBAL SYMBOLS: SORTED ALPHABETICALLY BY Name 

page  address   name                                      
----  -------   ----                                      
abs   ffffffff  .text                                     
0     0000842a  C$$EXIT                                   
0     0000834c  FS$$DIV                                   
0     00008053  _Device_enableAllPeripherals              
0     0000819d  _Device_enableUnbondedGPIOPullups         
0     0000817a  _Device_enableUnbondedGPIOPullupsFor100Pin
0     00008163  _Device_enableUnbondedGPIOPullupsFor176Pin
0     00008042  _Device_init                              
0     00008142  _Device_initGPIO                          
1     0000a804  _Example_Fail                             
1     0000a802  _Example_PassCount                        
1     0000a800  _Example_Result                           
0     000081c4  _Example_done                             
0     000081bf  _Example_setResultFail                    
0     000081ba  _Example_setResultPass                    
0     0000b4e0  _GPIO_getDirectionMode                    
0     0000b569  _GPIO_getPadConfig                        
0     0000b5c9  _GPIO_getQualificationMode                
0     0000b638  _GPIO_setAnalogMode                       
0     0000b4b9  _GPIO_setDirectionMode                    
0     0000b4f6  _GPIO_setInterruptPin                     
0     0000b60c  _GPIO_setMasterCore                       
0     0000b521  _GPIO_setPadConfig                        
0     0000b660  _GPIO_setPinConfig                        
0     0000b59d  _GPIO_setQualificationMode                
0     0000b5ea  _GPIO_setQualificationPeriod              
0     00008301  _Interrupt_disable                        
0     000082cd  _Interrupt_enable                         
0     00008270  _Interrupt_initModule                     
0     000082ad  _Interrupt_initVectorTable                
0     00000304  _SCI_clearInterruptStatus                 
0     00000286  _SCI_disableInterrupt                     
0     0000024b  _SCI_enableInterrupt                      
0     000002c1  _SCI_getInterruptStatus                   
0     0000021a  _SCI_readCharArray                        
0     000001bf  _SCI_setConfig                            
0     000001e3  _SCI_writeCharArray                       
0     0000014b  _SysCtl_delay                             
0     0000b065  _SysCtl_getAuxClock                       
0     0000b014  _SysCtl_getClock                          
0     0000b444  _SysCtl_getDeviceParametric               
0     0000b42a  _SysCtl_getLowSpeedClock                  
0     0000b3fb  _SysCtl_selectOscSource                   
0     0000b2ba  _SysCtl_setAuxClock                       
0     0000b0a6  _SysCtl_setClock                          
1     00000600  __STACK_END                               
abs   00000200  __STACK_SIZE                              
1     0000a808  ___TI_cleanup_ptr                         
1     0000a80a  ___TI_dtors_ptr                           
1     0000a806  ___TI_enable_exit_profile_output          
abs   ffffffff  ___TI_pprof_out_hndl                      
abs   ffffffff  ___TI_prof_data_size                      
abs   ffffffff  ___TI_prof_data_start                     
abs   ffffffff  ___binit__                                
abs   ffffffff  ___c_args__                               
0     00000122  ___cinit__                                
0     000081b3  ___error__                                
abs   ffffffff  ___etext__                                
abs   ffffffff  ___pinit__                                
abs   ffffffff  ___text__                                 
0     00008470  __args_main                               
1     0000a80c  __lock                                    
0     000003fb  __nop                                     
0     000003f7  __register_lock                           
0     000003f3  __register_unlock                         
1     00000400  __stack                                   
0     000003fe  __system_post_cinit                       
0     000003fc  __system_pre_init                         
1     0000a80e  __unlock                                  
0     0000842a  _abort                                    
0     000083d4  _c_int00                                  
0     0000b7dc  _copy_in                                  
0     0000b78f  _error                                    
0     0000842c  _exit                                     
0     0000b795  _initSCIAFIFO                             
0     0000b727  _main                                     
0     00008453  _memcpy                                   
1     0000a810  _rDataA                                   
1     0000a814  _rDataPointA                              
1     0000a812  _sDataA                                   
0     0000038e  _sciaRXFIFOISR                            
0     0000033f  _sciaTXFIFOISR                            
abs   ffffffff  binit                                     
0     00000122  cinit                                     
abs   ffffffff  etext                                     
abs   ffffffff  pinit                                     


GLOBAL SYMBOLS: SORTED BY Symbol Address 

page  address   name                                      
----  -------   ----                                      
0     00000122  ___cinit__                                
0     00000122  cinit                                     
0     0000014b  _SysCtl_delay                             
0     000001bf  _SCI_setConfig                            
0     000001e3  _SCI_writeCharArray                       
0     0000021a  _SCI_readCharArray                        
0     0000024b  _SCI_enableInterrupt                      
0     00000286  _SCI_disableInterrupt                     
0     000002c1  _SCI_getInterruptStatus                   
0     00000304  _SCI_clearInterruptStatus                 
0     0000033f  _sciaTXFIFOISR                            
0     0000038e  _sciaRXFIFOISR                            
0     000003f3  __register_unlock                         
0     000003f7  __register_lock                           
0     000003fb  __nop                                     
0     000003fc  __system_pre_init                         
0     000003fe  __system_post_cinit                       
0     00008042  _Device_init                              
0     00008053  _Device_enableAllPeripherals              
0     00008142  _Device_initGPIO                          
0     00008163  _Device_enableUnbondedGPIOPullupsFor176Pin
0     0000817a  _Device_enableUnbondedGPIOPullupsFor100Pin
0     0000819d  _Device_enableUnbondedGPIOPullups         
0     000081b3  ___error__                                
0     000081ba  _Example_setResultPass                    
0     000081bf  _Example_setResultFail                    
0     000081c4  _Example_done                             
0     00008270  _Interrupt_initModule                     
0     000082ad  _Interrupt_initVectorTable                
0     000082cd  _Interrupt_enable                         
0     00008301  _Interrupt_disable                        
0     0000834c  FS$$DIV                                   
0     000083d4  _c_int00                                  
0     0000842a  C$$EXIT                                   
0     0000842a  _abort                                    
0     0000842c  _exit                                     
0     00008453  _memcpy                                   
0     00008470  __args_main                               
0     0000b014  _SysCtl_getClock                          
0     0000b065  _SysCtl_getAuxClock                       
0     0000b0a6  _SysCtl_setClock                          
0     0000b2ba  _SysCtl_setAuxClock                       
0     0000b3fb  _SysCtl_selectOscSource                   
0     0000b42a  _SysCtl_getLowSpeedClock                  
0     0000b444  _SysCtl_getDeviceParametric               
0     0000b4b9  _GPIO_setDirectionMode                    
0     0000b4e0  _GPIO_getDirectionMode                    
0     0000b4f6  _GPIO_setInterruptPin                     
0     0000b521  _GPIO_setPadConfig                        
0     0000b569  _GPIO_getPadConfig                        
0     0000b59d  _GPIO_setQualificationMode                
0     0000b5c9  _GPIO_getQualificationMode                
0     0000b5ea  _GPIO_setQualificationPeriod              
0     0000b60c  _GPIO_setMasterCore                       
0     0000b638  _GPIO_setAnalogMode                       
0     0000b660  _GPIO_setPinConfig                        
0     0000b727  _main                                     
0     0000b78f  _error                                    
0     0000b795  _initSCIAFIFO                             
0     0000b7dc  _copy_in                                  
1     00000400  __stack                                   
1     00000600  __STACK_END                               
1     0000a800  _Example_Result                           
1     0000a802  _Example_PassCount                        
1     0000a804  _Example_Fail                             
1     0000a806  ___TI_enable_exit_profile_output          
1     0000a808  ___TI_cleanup_ptr                         
1     0000a80a  ___TI_dtors_ptr                           
1     0000a80c  __lock                                    
1     0000a80e  __unlock                                  
1     0000a810  _rDataA                                   
1     0000a812  _sDataA                                   
1     0000a814  _rDataPointA                              
abs   00000200  __STACK_SIZE                              
abs   ffffffff  .text                                     
abs   ffffffff  ___TI_pprof_out_hndl                      
abs   ffffffff  ___TI_prof_data_size                      
abs   ffffffff  ___TI_prof_data_start                     
abs   ffffffff  ___binit__                                
abs   ffffffff  ___c_args__                               
abs   ffffffff  ___etext__                                
abs   ffffffff  ___pinit__                                
abs   ffffffff  ___text__                                 
abs   ffffffff  binit                                     
abs   ffffffff  etext                                     
abs   ffffffff  pinit                                     

[86 symbols]
